/d/miniconda3/envs/fraudGT/lib/python3.9/site-packages/outdated/__init__.py:36: UserWarning: pkg_resources is deprecated as an API. See https://setuptools.pypa.io/en/latest/pkg_resources.html. The pkg_resources package is slated for removal as early as 2025-11-30. Refrain from using this package or pin to Setuptools<81.
  from pkg_resources import parse_version
WARNING:root:Layers after message passing should be >=1
/e/yky/FraudGT_cdvt_multi_runtime_2c31bba/fraudGT/datasets/temporal_dataset.py:123: FutureWarning: You are using `torch.load` with `weights_only=False` (the current default value), which uses the default pickle module implicitly. It is possible to construct malicious pickle data which will execute arbitrary code during unpickling (See https://github.com/pytorch/pytorch/blob/main/SECURITY.md#untrusted-models for more details). In a future release, the default value for `weights_only` will be flipped to `True`. This limits the functions that could be executed during unpickling. Arbitrary objects will no longer be allowed to be loaded via this mode unless they are explicitly allowlisted by the user via `torch.serialization.add_safe_globals`. We recommend you start setting `weights_only=True` for any use case where you don't have full control of the loaded file. Please open an issue on GitHub for any issues related to this experimental feature.
  if osp.exists(f) and torch.load(f) != _repr(self.pre_transform):
/e/yky/FraudGT_cdvt_multi_runtime_2c31bba/fraudGT/datasets/temporal_dataset.py:131: FutureWarning: You are using `torch.load` with `weights_only=False` (the current default value), which uses the default pickle module implicitly. It is possible to construct malicious pickle data which will execute arbitrary code during unpickling (See https://github.com/pytorch/pytorch/blob/main/SECURITY.md#untrusted-models for more details). In a future release, the default value for `weights_only` will be flipped to `True`. This limits the functions that could be executed during unpickling. Arbitrary objects will no longer be allowed to be loaded via this mode unless they are explicitly allowlisted by the user via `torch.serialization.add_safe_globals`. We recommend you start setting `weights_only=True` for any use case where you don't have full control of the loaded file. Please open an issue on GitHub for any issues related to this experimental feature.
  if osp.exists(f) and torch.load(f) != _repr(self.pre_filter):
/e/yky/FraudGT_cdvt_multi_runtime_2c31bba/fraudGT/datasets/aml_dataset.py:199: FutureWarning: You are using `torch.load` with `weights_only=False` (the current default value), which uses the default pickle module implicitly. It is possible to construct malicious pickle data which will execute arbitrary code during unpickling (See https://github.com/pytorch/pytorch/blob/main/SECURITY.md#untrusted-models for more details). In a future release, the default value for `weights_only` will be flipped to `True`. This limits the functions that could be executed during unpickling. Arbitrary objects will no longer be allowed to be loaded via this mode unless they are explicitly allowlisted by the user via `torch.serialization.add_safe_globals`. We recommend you start setting `weights_only=True` for any use case where you don't have full control of the loaded file. Please open an issue on GitHub for any issues related to this experimental feature.
  self.data_dict = torch.load(self.processed_paths[0])
/e/yky/FraudGT_cdvt_multi_runtime_2c31bba/fraudGT/datasets/aml_dataset.py:342: FutureWarning: You are using `torch.load` with `weights_only=False` (the current default value), which uses the default pickle module implicitly. It is possible to construct malicious pickle data which will execute arbitrary code during unpickling (See https://github.com/pytorch/pytorch/blob/main/SECURITY.md#untrusted-models for more details). In a future release, the default value for `weights_only` will be flipped to `True`. This limits the functions that could be executed during unpickling. Arbitrary objects will no longer be allowed to be loaded via this mode unless they are explicitly allowlisted by the user via `torch.serialization.add_safe_globals`. We recommend you start setting `weights_only=True` for any use case where you don't have full control of the loaded file. Please open an issue on GitHub for any issues related to this experimental feature.
  payload = torch.load(
/e/yky/FraudGT_cdvt_multi_runtime_2c31bba/fraudGT/datasets/aml_dataset.py:208: FutureWarning: You are using `torch.load` with `weights_only=False` (the current default value), which uses the default pickle module implicitly. It is possible to construct malicious pickle data which will execute arbitrary code during unpickling (See https://github.com/pytorch/pytorch/blob/main/SECURITY.md#untrusted-models for more details). In a future release, the default value for `weights_only` will be flipped to `True`. This limits the functions that could be executed during unpickling. Arbitrary objects will no longer be allowed to be loaded via this mode unless they are explicitly allowlisted by the user via `torch.serialization.add_safe_globals`. We recommend you start setting `weights_only=True` for any use case where you don't have full control of the loaded file. Please open an issue on GitHub for any issues related to this experimental feature.
  self.ports_dict = torch.load(self.processed_paths[1])
/d/miniconda3/envs/fraudGT/lib/python3.9/site-packages/torch_geometric/sampler/neighbor_sampler.py:61: UserWarning: Using 'NeighborSampler' without a 'pyg-lib' installation is deprecated and will be removed soon. Please install 'pyg-lib' for accelerated neighborhood sampling
  warnings.warn(f"Using '{self.__class__.__name__}' without a "
HeteroData(
  node={
    x=[2070980, 1],
    num_nodes=2070980,
  },
  (node, to, node)={
    edge_index=[2, 106141635],
    edge_attr=[106141635, 5],
    y=[106141635],
    timestamps=[106141635],
    split_mask=[106141635],
    raw_edge_attr=[106141635, 4],
  },
  (node, rev_to, node)={
    edge_index=[2, 106141635],
    edge_attr=[106141635, 5],
    raw_edge_attr=[106141635, 4],
  }
)
Load dataset
Create train loader
Create val/test loader
{"account_backbone": "Multi-FraudGT", "architecture_variant": "dual_view", "batches_per_repeat": 32, "benchmark_mode": "normal_only_end_to_end_inference", "checkpoint_loaded": false, "config": "/e/yky/FraudGT_cdvt_results/multi_runtime_quick_Large-LI_848df407/Large-LI_multi_cdvt_seed42/benchmark_config.yaml", "config_sha256": "d1af536fb74ac727c916bbed3d5acc85eb5a04d8ca70854d0b1bfabbbd6a497f", "cuda_version": "11.8", "dataset": "Large-LI", "device": "cuda:0", "device_name": "NVIDIA GeForce RTX 2080 Ti", "git_commit": "848df40747e6912c6ed352c8f2a937ec0f286872", "loader_audit": [{"generator": null, "iter_per_epoch": 256, "shuffle": true, "split": "train"}, {"generator": null, "iter_per_epoch": 256, "shuffle": true, "split": "val"}, {"generator": null, "iter_per_epoch": 256, "shuffle": true, "split": "test"}], "mean_seconds_per_batch": 3.9849209934473038, "mean_targets_per_second": 141.94966112078797, "multi_dataset_audit": [{"forward_edges": 106141635, "reverse_edges": 106141635, "reverse_relation": ["node", "rev_to", "node"], "split": "train"}, {"forward_edges": 140737347, "reverse_edges": 140737347, "reverse_relation": ["node", "rev_to", "node"], "split": "val"}, {"forward_edges": 176066557, "reverse_edges": 176066557, "reverse_relation": ["node", "rev_to", "node"], "split": "test"}], "parameter_count": 362139, "peak_gpu_memory_bytes": 12363211776, "phase": "CDVT_multi_runtime_quick", "repeat_rows": [{"elapsed_seconds": 131.68786188028753, "repeat": 1, "seconds_per_batch": 4.115245683758985, "steps": 32, "targets": 18137, "targets_per_second": 137.72719627331836}, {"elapsed_seconds": 124.97742749098688, "repeat": 2, "seconds_per_batch": 3.90554460909334, "steps": 32, "targets": 17973, "targets_per_second": 143.8099692146102}, {"elapsed_seconds": 125.88712599966675, "repeat": 3, "seconds_per_batch": 3.933972687489586, "steps": 32, "targets": 18167, "targets_per_second": 144.31181787443532}], "repeats": 3, "sampling_protocol": "dynamic_random", "seed": 42, "std_seconds_per_batch": 0.09288140319408235, "std_targets_per_second": 2.992754590721779, "torch_version": "2.5.1", "total_measured_batches": 96, "total_measured_targets": 54277, "variant": "multi_cdvt", "warmup_batches": 4, "weight_note": "fresh initialization; runtime is weight-independent"}
